function assert(x) {
    if (x) {
        putchar(46);
    } else {
        putchar(70);
    }
}

function factorial(n) {
    if (n == 0) {
        return 1;
    } else {
        return n * factorial(n - 1);
    }
}

function main() {
    assert(1       == factorial(1));
    assert(1       == factorial(1));
    assert(2       == factorial(2));
    assert(6       == factorial(3));
    assert(24      == factorial(4));
    assert(120     == factorial(5));
    assert(720     == factorial(6));
    assert(5040    == factorial(7));
    assert(40320   == factorial(8));
    assert(362880  == factorial(9));
    assert(3628800 == factorial(10));
    return 0;
}